Initialized native services in: C:\Users\╩╚╨╚╦╦\.gradle\native
Initialized jansi services in: C:\Users\╩╚╨╚╦╦\.gradle\native
Found daemon DaemonInfo{pid=22304, address=[d7b5de37-b252-4703-9f69-1f9fdf48dfbc port:58823, addresses:[/127.0.0.1]], state=Idle, lastBusy=1770664921945, context=DefaultDaemonContext[uid=1461514d-1f72-4577-9558-ab443e11d790,javaHome=C:\Program Files\Android\Android Studio\jbr,javaVersion=21,javaVendor=JetBrains s.r.o.,daemonRegistryDir=C:\Users\╩╚╨╚╦╦\.gradle\daemon,pid=22304,idleTimeout=10800000,priority=NORMAL,applyInstrumentationAgent=true,nativeServicesMode=ENABLED,daemonOpts=-Xmx2048m,-Dfile.encoding=UTF-8,-Duser.country=RU,-Duser.language=ru,-Duser.variant]} however its context does not match the desired criteria.
JVM is incompatible.
Wanted: DaemonRequestContext{jvmCriteria=C:\Program Files\Java\jdk-17.0.18+8 (from org.gradle.java.home), daemonOpts=[-Xmx2048m, -Dfile.encoding=UTF-8, -Duser.country=RU, -Duser.language=ru, -Duser.variant], applyInstrumentationAgent=true, nativeServicesMode=ENABLED, priority=NORMAL}
Actual: DefaultDaemonContext[uid=1461514d-1f72-4577-9558-ab443e11d790,javaHome=C:\Program Files\Android\Android Studio\jbr,javaVersion=21,javaVendor=JetBrains s.r.o.,daemonRegistryDir=C:\Users\╩╚╨╚╦╦\.gradle\daemon,pid=22304,idleTimeout=10800000,priority=NORMAL,applyInstrumentationAgent=true,nativeServicesMode=ENABLED,daemonOpts=-Xmx2048m,-Dfile.encoding=UTF-8,-Duser.country=RU,-Duser.language=ru,-Duser.variant]

  Looking for a different daemon...
Found daemon DaemonInfo{pid=12420, address=[6c7a1420-a7be-4217-b218-ebbbc1250732 port:49877, addresses:[/127.0.0.1]], state=Idle, lastBusy=1770663318705, context=DefaultDaemonContext[uid=64898da1-9fc1-4e56-a9a0-30e64786cd7b,javaHome=C:\Program Files\Java\jre-1.8,javaVersion=8,javaVendor=Oracle Corporation,daemonRegistryDir=C:\Users\╩╚╨╚╦╦\.gradle\daemon,pid=12420,idleTimeout=10800000,priority=NORMAL,applyInstrumentationAgent=true,nativeServicesMode=ENABLED,daemonOpts=-Xmx2048m,-Dfile.encoding=UTF-8,-Duser.country=RU,-Duser.language=ru,-Duser.variant]} however its context does not match the desired criteria.
JVM is incompatible.
Wanted: DaemonRequestContext{jvmCriteria=C:\Program Files\Java\jdk-17.0.18+8 (from org.gradle.java.home), daemonOpts=[-Xmx2048m, -Dfile.encoding=UTF-8, -Duser.country=RU, -Duser.language=ru, -Duser.variant], applyInstrumentationAgent=true, nativeServicesMode=ENABLED, priority=NORMAL}
Actual: DefaultDaemonContext[uid=64898da1-9fc1-4e56-a9a0-30e64786cd7b,javaHome=C:\Program Files\Java\jre-1.8,javaVersion=8,javaVendor=Oracle Corporation,daemonRegistryDir=C:\Users\╩╚╨╚╦╦\.gradle\daemon,pid=12420,idleTimeout=10800000,priority=NORMAL,applyInstrumentationAgent=true,nativeServicesMode=ENABLED,daemonOpts=-Xmx2048m,-Dfile.encoding=UTF-8,-Duser.country=RU,-Duser.language=ru,-Duser.variant]

  Looking for a different daemon...
The client will now receive all logging from the daemon (pid: 20096). The daemon log file: C:\Users\╩╚╨╚╦╦\.gradle\daemon\8.13\daemon-20096.out.log
Starting 9th build in daemon [uptime: 12 mins 46.121 secs, performance: 100%, GC rate: 0.00/s, heap usage: 0% of 2 GiB]
Using 12 worker leases.
Now considering [D:\Matule20] as hierarchies to watch
Watching the file system is configured to be enabled if available
File system watching is active
Starting Build
Settings evaluated using settings file 'D:\Matule20\settings.gradle.kts'.
Projects loaded. Root project using build file 'D:\Matule20\build.gradle.kts'.
Included projects: [root project 'Matule2.0', project ':app', project ':data', project ':datalib', project ':domain', project ':uikitMatule']

> Configure project :
Evaluating root project 'Matule2.0' using build file 'D:\Matule20\build.gradle.kts'.
Resolved plugin [id: 'com.android.application', version: '8.13.2', apply: false]
Resolved plugin [id: 'org.jetbrains.kotlin.android', version: '1.9.23', apply: false]
Resolved plugin [id: 'com.android.library', version: '8.13.2', apply: false]
Resolved plugin [id: 'org.jetbrains.kotlin.plugin.serialization', version: '1.9.23', apply: false]
Resolved plugin [id: 'org.jetbrains.kotlin.kapt', version: '1.9.10', apply: false]
Resolved plugin [id: 'com.google.dagger.hilt.android', version: '2.48', apply: false]

> Configure project :app
Evaluating project ':app' using build file 'D:\Matule20\app\build.gradle.kts'.
Resolved plugin [id: 'com.android.application', version: '8.13.2']
Resolved plugin [id: 'org.jetbrains.kotlin.android', version: '1.9.23']
Resolved plugin [id: 'kotlin-kapt']
Resolved plugin [id: 'com.google.dagger.hilt.android']
Using default execution profile
Using Kotlin Gradle Plugin gradle82 variant

> Configure project :data
Evaluating project ':data' using build file 'D:\Matule20\data\build.gradle.kts'.
Resolved plugin [id: 'com.android.library', version: '8.13.2']
Resolved plugin [id: 'org.jetbrains.kotlin.android', version: '1.9.23']
Resolved plugin [id: 'kotlin-kapt']
Resolved plugin [id: 'com.google.dagger.hilt.android']
Using default execution profile
Using Kotlin Gradle Plugin gradle82 variant

> Configure project :datalib
Evaluating project ':datalib' using build file 'D:\Matule20\datalib\build.gradle.kts'.
Resolved plugin [id: 'com.android.library', version: '8.13.2']
Resolved plugin [id: 'org.jetbrains.kotlin.android', version: '1.9.23']
Using default execution profile
Using Kotlin Gradle Plugin gradle82 variant

> Configure project :domain
Evaluating project ':domain' using build file 'D:\Matule20\domain\build.gradle.kts'.
Resolved plugin [id: 'com.android.library', version: '8.13.2']
Resolved plugin [id: 'org.jetbrains.kotlin.android', version: '1.9.23']
Using default execution profile
Using Kotlin Gradle Plugin gradle82 variant

> Configure project :uikitMatule
Evaluating project ':uikitMatule' using build file 'D:\Matule20\uikitMatule\build.gradle.kts'.
Resolved plugin [id: 'com.android.library', version: '8.13.2']
Resolved plugin [id: 'org.jetbrains.kotlin.android', version: '1.9.23']
Resolved plugin [id: 'kotlin-kapt']
Resolved plugin [id: 'com.google.dagger.hilt.android']
Using default execution profile
Using Kotlin Gradle Plugin gradle82 variant
All projects evaluated.
Task path ':datalib:compileReleaseKotlin' matched project ':datalib'
Task name matched 'compileReleaseKotlin'
Selected primary task 'compileReleaseKotlin' from project :datalib
Tasks to be executed: [task ':datalib:checkKotlinGradlePluginConfigurationErrors', task ':datalib:preBuild', task ':datalib:preReleaseBuild', task ':datalib:generateReleaseResValues', task ':datalib:generateReleaseResources', task ':datalib:packageReleaseResources', task ':datalib:processReleaseNavigationResources', task ':datalib:parseReleaseLocalResources', task ':datalib:generateReleaseRFile', task ':datalib:compileReleaseKotlin']
Tasks that were excluded: []
Resolve mutations for :datalib:checkKotlinGradlePluginConfigurationErrors (Thread[Execution worker,5,main]) started.
:datalib:checkKotlinGradlePluginConfigurationErrors (Thread[Execution worker Thread 8,5,main]) started.

> Task :datalib:checkKotlinGradlePluginConfigurationErrors
Caching disabled for task ':datalib:checkKotlinGradlePluginConfigurationErrors' because:
  Build cache is disabled
Task ':datalib:checkKotlinGradlePluginConfigurationErrors' is not up-to-date because:
  Task has not declared any outputs despite executing actions.
Resolve mutations for :datalib:preBuild (Thread[Execution worker Thread 8,5,main]) started.
:datalib:preBuild (Thread[included builds,5,main]) started.

> Task :datalib:preBuild UP-TO-DATE
Skipping task ':datalib:preBuild' as it has no actions.
Resolve mutations for :datalib:preReleaseBuild (Thread[included builds,5,main]) started.
:datalib:preReleaseBuild (Thread[Execution worker Thread 10,5,main]) started.

> Task :datalib:preReleaseBuild UP-TO-DATE
Skipping task ':datalib:preReleaseBuild' as it has no actions.
Resolve mutations for :datalib:generateReleaseResValues (Thread[Execution worker Thread 10,5,main]) started.
:datalib:generateReleaseResValues (Thread[Execution worker Thread 10,5,main]) started.

> Task :datalib:generateReleaseResValues UP-TO-DATE
Caching disabled for task ':datalib:generateReleaseResValues' because:
  Build cache is disabled
Skipping task ':datalib:generateReleaseResValues' as it is up-to-date.
Resolve mutations for :datalib:generateReleaseResources (Thread[Execution worker Thread 10,5,main]) started.
:datalib:generateReleaseResources (Thread[Execution worker Thread 10,5,main]) started.

> Task :datalib:generateReleaseResources UP-TO-DATE
Caching disabled for task ':datalib:generateReleaseResources' because:
  Build cache is disabled
Skipping task ':datalib:generateReleaseResources' as it is up-to-date.
Resolve mutations for :datalib:packageReleaseResources (Thread[Execution worker Thread 10,5,main]) started.
:datalib:packageReleaseResources (Thread[Execution worker Thread 10,5,main]) started.

> Task :datalib:packageReleaseResources UP-TO-DATE
Caching disabled for task ':datalib:packageReleaseResources' because:
  Build cache is disabled
Skipping task ':datalib:packageReleaseResources' as it is up-to-date.
Resolve mutations for :datalib:processReleaseNavigationResources (Thread[Execution worker Thread 10,5,main]) started.
:datalib:processReleaseNavigationResources (Thread[Execution worker Thread 10,5,main]) started.

> Task :datalib:processReleaseNavigationResources UP-TO-DATE
Caching disabled for task ':datalib:processReleaseNavigationResources' because:
  Build cache is disabled
Skipping task ':datalib:processReleaseNavigationResources' as it is up-to-date.
Resolve mutations for :datalib:parseReleaseLocalResources (Thread[Execution worker Thread 10,5,main]) started.
:datalib:parseReleaseLocalResources (Thread[Execution worker Thread 10,5,main]) started.

> Task :datalib:parseReleaseLocalResources UP-TO-DATE
Caching disabled for task ':datalib:parseReleaseLocalResources' because:
  Build cache is disabled
Skipping task ':datalib:parseReleaseLocalResources' as it is up-to-date.
Resolve mutations for :datalib:generateReleaseRFile (Thread[included builds,5,main]) started.
:datalib:generateReleaseRFile (Thread[Execution worker Thread 10,5,main]) started.

> Task :datalib:generateReleaseRFile UP-TO-DATE
Caching disabled for task ':datalib:generateReleaseRFile' because:
  Build cache is disabled
Skipping task ':datalib:generateReleaseRFile' as it is up-to-date.
Resolve mutations for :datalib:compileReleaseKotlin (Thread[Execution worker Thread 10,5,main]) started.
:datalib:compileReleaseKotlin (Thread[Execution worker Thread 10,5,main]) started.

> Task :datalib:compileReleaseKotlin FAILED
Caching disabled for task ':datalib:compileReleaseKotlin' because:
  Build cache is disabled
Task ':datalib:compileReleaseKotlin' is not up-to-date because:
  Task has failed previously.
The input changes require a full rebuild for incremental task ':datalib:compileReleaseKotlin'.
file or directory 'D:\Matule20\datalib\src\release\kotlin', not found
file or directory 'D:\Matule20\datalib\src\release\kotlin', not found
file or directory 'D:\Matule20\datalib\src\release\java', not found
file or directory 'D:\Matule20\datalib\src\release\java', not found
file or directory 'D:\Matule20\datalib\src\release\kotlin', not found
file or directory 'D:\Matule20\datalib\src\release\java', not found
file or directory 'D:\Matule20\datalib\src\main\kotlin', not found
file or directory 'D:\Matule20\datalib\src\main\kotlin', not found
file or directory 'D:\Matule20\datalib\src\main\kotlin', not found
file or directory 'D:\Matule20\datalib\src\release\java', not found
file or directory 'D:\Matule20\datalib\src\release\kotlin', not found
file or directory 'D:\Matule20\datalib\src\release\kotlin', not found
file or directory 'D:\Matule20\datalib\src\release\java', not found
file or directory 'D:\Matule20\datalib\src\release\java', not found
file or directory 'D:\Matule20\datalib\src\release\kotlin', not found
file or directory 'D:\Matule20\datalib\src\release\java', not found
file or directory 'D:\Matule20\datalib\src\main\kotlin', not found
file or directory 'D:\Matule20\datalib\src\main\kotlin', not found
file or directory 'D:\Matule20\datalib\src\release\kotlin', not found
file or directory 'D:\Matule20\datalib\src\release\kotlin', not found
file or directory 'D:\Matule20\datalib\src\release\java', not found
file or directory 'D:\Matule20\datalib\src\release\java', not found
file or directory 'D:\Matule20\datalib\src\release\kotlin', not found
file or directory 'D:\Matule20\datalib\src\release\java', not found
file or directory 'D:\Matule20\datalib\src\main\kotlin', not found
file or directory 'D:\Matule20\datalib\src\main\kotlin', not found
file or directory 'D:\Matule20\datalib\src\main\kotlin', not found
file or directory 'D:\Matule20\datalib\src\release\java', not found
file or directory 'D:\Matule20\datalib\src\release\kotlin', not found
file or directory 'D:\Matule20\datalib\src\release\kotlin', not found
file or directory 'D:\Matule20\datalib\src\release\java', not found
file or directory 'D:\Matule20\datalib\src\release\java', not found
file or directory 'D:\Matule20\datalib\src\release\kotlin', not found
file or directory 'D:\Matule20\datalib\src\release\java', not found
file or directory 'D:\Matule20\datalib\src\main\kotlin', not found
file or directory 'D:\Matule20\datalib\src\main\kotlin', not found
file or directory 'D:\Matule20\datalib\src\main\kotlin', not found
file or directory 'D:\Matule20\datalib\src\release\java', not found
file or directory 'D:\Matule20\datalib\src\release\kotlin', not found
file or directory 'D:\Matule20\datalib\src\release\kotlin', not found
file or directory 'D:\Matule20\datalib\src\release\java', not found
file or directory 'D:\Matule20\datalib\src\release\java', not found
file or directory 'D:\Matule20\datalib\src\release\kotlin', not found
file or directory 'D:\Matule20\datalib\src\release\java', not found
file or directory 'D:\Matule20\datalib\src\main\kotlin', not found
file or directory 'D:\Matule20\datalib\src\main\kotlin', not found
file or directory 'D:\Matule20\datalib\src\main\kotlin', not found
file or directory 'D:\Matule20\datalib\src\release\java', not found
Kotlin source files: D:\Matule20\datalib\src\main\java\com\example\datalib\api\auth\datasource\AuthApiService.kt, D:\Matule20\datalib\src\main\java\com\example\datalib\api\auth\dto\request\RequestAuth.kt, D:\Matule20\datalib\src\main\java\com\example\datalib\api\auth\dto\request\RequestRegister.kt, D:\Matule20\datalib\src\main\java\com\example\datalib\api\auth\dto\response\ResponseAuth.kt, D:\Matule20\datalib\src\main\java\com\example\datalib\api\auth\dto\response\ResponseRegister.kt, D:\Matule20\datalib\src\main\java\com\example\datalib\api\cart\datasource\CartApiService.kt, D:\Matule20\datalib\src\main\java\com\example\datalib\api\cart\dto\request\RequestCart.kt, D:\Matule20\datalib\src\main\java\com\example\datalib\api\cart\dto\response\ResponseCart.kt, D:\Matule20\datalib\src\main\java\com\example\datalib\api\error\Error400.kt, D:\Matule20\datalib\src\main\java\com\example\datalib\api\news\datasource\NewsApiService.kt, D:\Matule20\datalib\src\main\java\com\example\datalib\api\news\dto\NewsDto.kt, D:\Matule20\datalib\src\main\java\com\example\datalib\api\news\dto\response\ResponseNews.kt, D:\Matule20\datalib\src\main\java\com\example\datalib\api\order\datasource\OrderApiService.kt, D:\Matule20\datalib\src\main\java\com\example\datalib\api\order\dto\request\RequestOrders.kt, D:\Matule20\datalib\src\main\java\com\example\datalib\api\order\dto\response\ResponseOrders.kt, D:\Matule20\datalib\src\main\java\com\example\datalib\api\product\datasource\ProductApiService.kt, D:\Matule20\datalib\src\main\java\com\example\datalib\api\product\dto\ProductDto.kt, D:\Matule20\datalib\src\main\java\com\example\datalib\api\product\dto\ProductsDto.kt, D:\Matule20\datalib\src\main\java\com\example\datalib\api\product\dto\response\ResponseProduct.kt, D:\Matule20\datalib\src\main\java\com\example\datalib\api\profile\datasource\ProfileApiService.kt, D:\Matule20\datalib\src\main\java\com\example\datalib\api\profile\dto\request\RequestUser.kt, D:\Matule20\datalib\src\main\java\com\example\datalib\api\profile\dto\UserDto.kt, D:\Matule20\datalib\src\main\java\com\example\datalib\api\project\datasource\ProjectApiService.kt, D:\Matule20\datalib\src\main\java\com\example\datalib\api\project\dto\ProjectDto.kt, D:\Matule20\datalib\src\main\java\com\example\datalib\api\project\dto\request\RequestProject.kt, D:\Matule20\datalib\src\main\java\com\example\datalib\api\project\dto\response\ResponseProject.kt, D:\Matule20\datalib\src\main\java\com\example\datalib\client\RetrofitStorage.kt
Java source files: 
Script source files: 
Script file extensions: 
Using Kotlin/JVM incremental compilation
[KOTLIN] Kotlin compilation 'jdkHome' argument: null
i: found daemon on port 17415 (743437 ms old), trying to connect
i: connected to the daemon
Options for KOTLIN DAEMON: IncrementalCompilationOptions(super=CompilationOptions(compilerMode=INCREMENTAL_COMPILER, targetPlatform=JVM, reportCategories=[0, 3], reportSeverity=2, requestedCompilationResults=[0], kotlinScriptExtensions=[]), areFileChangesKnown=false, modifiedFiles=null, deletedFiles=null, classpathChanges=NotAvailableForNonIncrementalRun, workingDir=D:\Matule20\datalib\build\kotlin\compileReleaseKotlin\cacheable, multiModuleICSettings=MultiModuleICSettings(buildHistoryFile=D:\Matule20\datalib\build\kotlin\compileReleaseKotlin\local-state\build-history.bin, useModuleDetection=true), usePreciseJavaTracking=true, outputFiles=[D:\Matule20\datalib\build\tmp\kotlin-classes\release, D:\Matule20\datalib\build\kotlin\compileReleaseKotlin\cacheable, D:\Matule20\datalib\build\kotlin\compileReleaseKotlin\local-state])
./gradlew : e: file:///D:/Matule20/datalib/src/main/java/com/example/datalib/api/auth/dto/response/ResponseAuth.kt:3:20 Unresolved reference: data
строка:1 знак:1
+ ./gradlew :datalib:compileReleaseKotlin --info 2>&1 | tee build_outpu ...
+ ~~~~~~~~~~~~~~~~~~~~~~~~~~~~~~~~~~~~~~~~~~~~~~~~~~~
    + CategoryInfo          : NotSpecified: (e: file:///D:/M...reference: data:String) [], RemoteException
    + FullyQualifiedErrorId : NativeCommandError
 
e: file:///D:/Matule20/datalib/src/main/java/com/example/datalib/api/auth/dto/response/ResponseAuth.kt:13:17 Unresolved reference: UserDto
e: file:///D:/Matule20/datalib/src/main/java/com/example/datalib/api/news/dto/NewsDto.kt:3:20 Unresolved reference: domain
e: file:///D:/Matule20/datalib/src/main/java/com/example/datalib/api/news/dto/NewsDto.kt:25:31 Unresolved reference: News
e: file:///D:/Matule20/datalib/src/main/java/com/example/datalib/api/news/dto/NewsDto.kt:26:13 Unresolved reference: News
e: file:///D:/Matule20/datalib/src/main/java/com/example/datalib/api/news/dto/response/ResponseNews.kt:3:20 Unresolved reference: data
e: file:///D:/Matule20/datalib/src/main/java/com/example/datalib/api/news/dto/response/ResponseNews.kt:20:21 Unresolved reference: NewsDto
e: file:///D:/Matule20/datalib/src/main/java/com/example/datalib/api/product/dto/ProductDto.kt:3:20 Unresolved reference: domain
e: file:///D:/Matule20/datalib/src/main/java/com/example/datalib/api/product/dto/ProductDto.kt:35:37 Unresolved reference: Product
e: file:///D:/Matule20/datalib/src/main/java/com/example/datalib/api/product/dto/ProductDto.kt:36:13 Unresolved reference: Product
e: file:///D:/Matule20/datalib/src/main/java/com/example/datalib/api/product/dto/ProductsDto.kt:3:20 Unresolved reference: domain
e: file:///D:/Matule20/datalib/src/main/java/com/example/datalib/api/product/dto/ProductsDto.kt:23:39 Unresolved reference: Products
e: file:///D:/Matule20/datalib/src/main/java/com/example/datalib/api/product/dto/ProductsDto.kt:24:13 Unresolved reference: Products
e: file:///D:/Matule20/datalib/src/main/java/com/example/datalib/api/product/dto/response/ResponseProduct.kt:3:20 Unresolved reference: data
e: file:///D:/Matule20/datalib/src/main/java/com/example/datalib/api/product/dto/response/ResponseProduct.kt:20:21 Unresolved reference: ProductsDto
e: file:///D:/Matule20/datalib/src/main/java/com/example/datalib/api/profile/dto/UserDto.kt:3:20 Unresolved reference: domain
e: file:///D:/Matule20/datalib/src/main/java/com/example/datalib/api/profile/dto/UserDto.kt:37:31 Unresolved reference: User
e: file:///D:/Matule20/datalib/src/main/java/com/example/datalib/api/profile/dto/UserDto.kt:38:13 Unresolved reference: User
e: file:///D:/Matule20/datalib/src/main/java/com/example/datalib/api/project/dto/ProjectDto.kt:3:20 Unresolved reference: domain
e: file:///D:/Matule20/datalib/src/main/java/com/example/datalib/api/project/dto/ProjectDto.kt:40:37 Unresolved reference: Project
e: file:///D:/Matule20/datalib/src/main/java/com/example/datalib/api/project/dto/ProjectDto.kt:41:13 Unresolved reference: Project
e: file:///D:/Matule20/datalib/src/main/java/com/example/datalib/api/project/dto/response/ResponseProject.kt:3:20 Unresolved reference: data
e: file:///D:/Matule20/datalib/src/main/java/com/example/datalib/api/project/dto/response/ResponseProject.kt:20:21 Unresolved reference: ProjectDto

[Incubating] Problems report is available at: file:///D:/Matule20/build/reports/problems/problems-report.html

FAILURE: Build failed with an exception.

* What went wrong:
Execution failed for task ':datalib:compileReleaseKotlin'.
> A failure occurred while executing org.jetbrains.kotlin.compilerRunner.GradleCompilerRunnerWithWorkers$GradleKotlinCompilerWorkAction
   > Compilation error. See log for more details

* Try:
> Run with --stacktrace option to get the stack trace.
> Run with --debug option to get more log output.
> Run with --scan to get full insights.
> Get more help at https://help.gradle.org.

Deprecated Gradle features were used in this build, making it incompatible with Gradle 9.0.

You can use '--warning-mode all' to show the individual deprecation warnings and determine if they come from your own scripts or plugins.

For more on this, please refer to https://docs.gradle.org/8.13/userguide/command_line_interface.html#sec:command_line_warnings in the Gradle documentation.

BUILD FAILED in 1s
8 actionable tasks: 2 executed, 6 up-to-date
Watched directory hierarchies: [D:\Matule20]
